../Core/Src/main.c:82:5:main	8	static
../Core/Src/main.c:133:6:SystemClock_Config	112	static
../Core/Src/main.c:179:6:MX_CAN_Init	8	static
../Core/Src/main.c:216:6:MX_I2C2_Init	8	static
../Core/Src/main.c:264:6:MX_SPI2_Init	8	static
../Core/Src/main.c:304:13:MX_TIM14_Init	8	static
../Core/Src/main.c:335:6:MX_TSC_Init	8	static
../Core/Src/main.c:378:13:MX_USART3_UART_Init	8	static
../Core/Src/main.c:413:6:MX_USB_PCD_Init	8	static
../Core/Src/main.c:443:13:MX_DMA_Init	16	static
../Core/Src/main.c:461:13:MX_GPIO_Init	48	static
../Core/Src/main.c:513:6:HAL_TIM_PeriodElapsedCallback	16	static
../Core/Src/main.c:530:6:Error_Handler	8	static,ignoring_inline_asm
